[INFO] Scanning for projects...
[INFO] 
[INFO] ---------------------< com.muvs:inspection-system >---------------------
[INFO] Building inspection-system 0.0.1-SNAPSHOT
[INFO]   from pom.xml
[INFO] --------------------------------[ jar ]---------------------------------
[INFO] 
[INFO] >>> spring-boot:3.5.7:run (default-cli) > test-compile @ inspection-system >>>
[INFO] 
[INFO] --- resources:3.3.1:resources (default-resources) @ inspection-system ---
[INFO] Copying 1 resource from src\main\resources to target\classes
[INFO] Copying 0 resource from src\main\resources to target\classes
[INFO] 
[INFO] --- compiler:3.14.1:compile (default-compile) @ inspection-system ---
[INFO] Recompiling the module because of changed source code.
[INFO] Compiling 70 source files with javac [debug parameters release 17] to target\classes
[INFO] /D:/Code/Java-Project/muvs-inspection-system/src/main/java/com/muvs/inspection_system/config/SecurityConfig.java: D:\Code\Java-Project\muvs-inspection-system\src\main\java\com\muvs\inspection_system\config\SecurityConfig.java uses or overrides a deprecated API.
[INFO] /D:/Code/Java-Project/muvs-inspection-system/src/main/java/com/muvs/inspection_system/config/SecurityConfig.java: Recompile with -Xlint:deprecation for details.
[INFO] 
[INFO] --- resources:3.3.1:testResources (default-testResources) @ inspection-system ---
[INFO] skip non existing resourceDirectory D:\Code\Java-Project\muvs-inspection-system\src\test\resources
[INFO] 
[INFO] --- compiler:3.14.1:testCompile (default-testCompile) @ inspection-system ---
[INFO] Recompiling the module because of changed dependency.
[INFO] Compiling 1 source file with javac [debug parameters release 17] to target\test-classes
[INFO] 
[INFO] <<< spring-boot:3.5.7:run (default-cli) < test-compile @ inspection-system <<<
[INFO] 
[INFO] 
[INFO] --- spring-boot:3.5.7:run (default-cli) @ inspection-system ---
[INFO] Attaching agents: []
Standard Commons Logging discovery in action with spring-jcl: please remove commons-logging.jar from classpath in order to avoid potential conflicts
Standard Commons Logging discovery in action with spring-jcl: please remove commons-logging.jar from classpath in order to avoid potential conflicts

  .   ____          _            __ _ _
 /\\ / ___'_ __ _ _(_)_ __  __ _ \ \ \ \
( ( )\___ | '_ | '_| | '_ \/ _` | \ \ \ \
 \\/  ___)| |_)| | | | | || (_| |  ) ) ) )
  '  |____| .__|_| |_|_| |_\__, | / / / /
 =========|_|==============|___/=/_/_/_/

 :: Spring Boot ::                (v3.5.7)

2025-11-23T17:50:57.885+08:00  INFO 57444 --- [inspection-system] [  restartedMain] c.m.i.InspectionSystemApplication        : Starting InspectionSystemApplication using Java 19.0.2 with PID 57444 (D:\Code\Java-Project\muvs-inspection-system\target\classes started by User in D:\Code\Java-Project\muvs-inspection-system)
2025-11-23T17:50:57.888+08:00  INFO 57444 --- [inspection-system] [  restartedMain] c.m.i.InspectionSystemApplication        : No active profile set, falling back to 1 default profile: "default"
2025-11-23T17:50:57.930+08:00  INFO 57444 --- [inspection-system] [  restartedMain] .e.DevToolsPropertyDefaultsPostProcessor : Devtools property defaults active! Set 'spring.devtools.add-properties' to 'false' to disable
2025-11-23T17:50:57.930+08:00  INFO 57444 --- [inspection-system] [  restartedMain] .e.DevToolsPropertyDefaultsPostProcessor : For additional web related logging consider setting the 'logging.level.web' property to 'DEBUG'
2025-11-23T17:50:58.713+08:00  INFO 57444 --- [inspection-system] [  restartedMain] .s.d.r.c.RepositoryConfigurationDelegate : Bootstrapping Spring Data JPA repositories in DEFAULT mode.
2025-11-23T17:50:58.799+08:00  INFO 57444 --- [inspection-system] [  restartedMain] .s.d.r.c.RepositoryConfigurationDelegate : Finished Spring Data repository scanning in 77 ms. Found 8 JPA repository interfaces.
2025-11-23T17:50:59.285+08:00  INFO 57444 --- [inspection-system] [  restartedMain] o.s.b.w.embedded.tomcat.TomcatWebServer  : Tomcat initialized with port 8080 (http)
2025-11-23T17:50:59.296+08:00  INFO 57444 --- [inspection-system] [  restartedMain] o.apache.catalina.core.StandardService   : Starting service [Tomcat]
2025-11-23T17:50:59.296+08:00  INFO 57444 --- [inspection-system] [  restartedMain] o.apache.catalina.core.StandardEngine    : Starting Servlet engine: [Apache Tomcat/10.1.48]
2025-11-23T17:50:59.341+08:00  INFO 57444 --- [inspection-system] [  restartedMain] o.a.c.c.C.[Tomcat].[localhost].[/]       : Initializing Spring embedded WebApplicationContext
2025-11-23T17:50:59.342+08:00  INFO 57444 --- [inspection-system] [  restartedMain] w.s.c.ServletWebServerApplicationContext : Root WebApplicationContext: initialization completed in 1410 ms
Standard Commons Logging discovery in action with spring-jcl: please remove commons-logging.jar from classpath in order to avoid potential conflicts
2025-11-23T17:50:59.531+08:00  INFO 57444 --- [inspection-system] [  restartedMain] o.hibernate.jpa.internal.util.LogHelper  : HHH000204: Processing PersistenceUnitInfo [name: default]
2025-11-23T17:50:59.572+08:00  INFO 57444 --- [inspection-system] [  restartedMain] org.hibernate.Version                    : HHH000412: Hibernate ORM core version 6.6.33.Final
2025-11-23T17:50:59.596+08:00  INFO 57444 --- [inspection-system] [  restartedMain] o.h.c.internal.RegionFactoryInitiator    : HHH000026: Second-level cache disabled
2025-11-23T17:50:59.813+08:00  INFO 57444 --- [inspection-system] [  restartedMain] o.s.o.j.p.SpringPersistenceUnitInfo      : No LoadTimeWeaver setup: ignoring JPA class transformer
2025-11-23T17:50:59.835+08:00  INFO 57444 --- [inspection-system] [  restartedMain] com.zaxxer.hikari.HikariDataSource       : HikariPool-1 - Starting...
2025-11-23T17:50:59.963+08:00  INFO 57444 --- [inspection-system] [  restartedMain] com.zaxxer.hikari.pool.HikariPool        : HikariPool-1 - Added connection conn0: url=jdbc:h2:mem:testdb user=SA
2025-11-23T17:50:59.964+08:00  INFO 57444 --- [inspection-system] [  restartedMain] com.zaxxer.hikari.HikariDataSource       : HikariPool-1 - Start completed.
2025-11-23T17:50:59.982+08:00  WARN 57444 --- [inspection-system] [  restartedMain] org.hibernate.orm.deprecation            : HHH90000025: H2Dialect does not need to be specified explicitly using 'hibernate.dialect' (remove the property setting and it will be selected by default)
2025-11-23T17:50:59.998+08:00  INFO 57444 --- [inspection-system] [  restartedMain] org.hibernate.orm.connections.pooling    : HHH10001005: Database info:
	Database JDBC URL [Connecting through datasource 'HikariDataSource (HikariPool-1)']
	Database driver: undefined/unknown
	Database version: 2.3.232
	Autocommit mode: undefined/unknown
	Isolation level: undefined/unknown
	Minimum pool size: undefined/unknown
	Maximum pool size: undefined/unknown
2025-11-23T17:51:00.850+08:00  INFO 57444 --- [inspection-system] [  restartedMain] o.h.e.t.j.p.i.JtaPlatformInitiator       : HHH000489: No JTA platform available (set 'hibernate.transaction.jta.platform' to enable JTA platform integration)
2025-11-23T17:51:00.924+08:00  INFO 57444 --- [inspection-system] [  restartedMain] j.LocalContainerEntityManagerFactoryBean : Initialized JPA EntityManagerFactory for persistence unit 'default'
2025-11-23T17:51:01.765+08:00  WARN 57444 --- [inspection-system] [  restartedMain] JpaBaseConfiguration$JpaWebConfiguration : spring.jpa.open-in-view is enabled by default. Therefore, database queries may be performed during view rendering. Explicitly configure spring.jpa.open-in-view to disable this warning
2025-11-23T17:51:01.980+08:00  INFO 57444 --- [inspection-system] [  restartedMain] o.s.b.a.e.web.EndpointLinksResolver      : Exposing 1 endpoint beneath base path '/actuator'
2025-11-23T17:51:02.006+08:00  INFO 57444 --- [inspection-system] [  restartedMain] eAuthenticationProviderManagerConfigurer : Global AuthenticationManager configured with AuthenticationProvider bean with name authenticationProvider
2025-11-23T17:51:02.006+08:00  WARN 57444 --- [inspection-system] [  restartedMain] r$InitializeUserDetailsManagerConfigurer : Global AuthenticationManager configured with an AuthenticationProvider bean. UserDetailsService beans will not be used by Spring Security for automatically configuring username/password login. Consider removing the AuthenticationProvider bean. Alternatively, consider using the UserDetailsService in a manually instantiated DaoAuthenticationProvider. If the current configuration is intentional, to turn off this warning, increase the logging level of 'org.springframework.security.config.annotation.authentication.configuration.InitializeUserDetailsBeanManagerConfigurer' to ERROR
2025-11-23T17:51:02.101+08:00  INFO 57444 --- [inspection-system] [  restartedMain] o.s.v.b.OptionalValidatorFactoryBean     : Failed to set up a Bean Validation provider: jakarta.validation.NoProviderFoundException: Unable to create a Configuration, because no Jakarta Bean Validation provider could be found. Add a provider like Hibernate Validator (RI) to your classpath.
2025-11-23T17:51:02.222+08:00  INFO 57444 --- [inspection-system] [  restartedMain] o.s.b.a.h2.H2ConsoleAutoConfiguration    : H2 console available at '/h2-console'. Database available at 'jdbc:h2:mem:testdb'
2025-11-23T17:51:02.259+08:00  INFO 57444 --- [inspection-system] [  restartedMain] o.s.b.d.a.OptionalLiveReloadServer       : LiveReload server is running on port 35729
2025-11-23T17:51:02.319+08:00  INFO 57444 --- [inspection-system] [  restartedMain] o.s.b.w.embedded.tomcat.TomcatWebServer  : Tomcat started on port 8080 (http) with context path '/'
2025-11-23T17:51:02.332+08:00  INFO 57444 --- [inspection-system] [  restartedMain] c.m.i.InspectionSystemApplication        : Started InspectionSystemApplication in 4.846 seconds (process running for 5.252)
2025-11-23T17:51:02.379+08:00  INFO 57444 --- [inspection-system] [  restartedMain] c.m.inspection_system.config.DataLoader  : Starting data loading...
2025-11-23T17:51:02.596+08:00  INFO 57444 --- [inspection-system] [  restartedMain] c.m.inspection_system.config.DataLoader  : Created 2 users (admin/user)
2025-11-23T17:51:02.621+08:00  INFO 57444 --- [inspection-system] [  restartedMain] c.m.inspection_system.config.DataLoader  : Created 30 sample vehicles
2025-11-23T17:51:02.631+08:00  INFO 57444 --- [inspection-system] [  restartedMain] c.m.inspection_system.config.DataLoader  : Created 12 sample checklists
2025-11-23T17:51:02.637+08:00  INFO 57444 --- [inspection-system] [  restartedMain] c.m.inspection_system.config.DataLoader  : Created 12 activity log entries
2025-11-23T17:51:02.638+08:00  INFO 57444 --- [inspection-system] [  restartedMain] c.m.inspection_system.config.DataLoader  : Data loading completed successfully!
2025-11-23T17:52:10.001+08:00  INFO 57444 --- [inspection-system] [nio-8080-exec-1] o.a.c.c.C.[Tomcat].[localhost].[/]       : Initializing Spring DispatcherServlet 'dispatcherServlet'
2025-11-23T17:52:10.001+08:00  INFO 57444 --- [inspection-system] [nio-8080-exec-1] o.s.web.servlet.DispatcherServlet        : Initializing Servlet 'dispatcherServlet'
2025-11-23T17:52:10.003+08:00  INFO 57444 --- [inspection-system] [nio-8080-exec-1] o.s.web.servlet.DispatcherServlet        : Completed initialization in 2 ms
2025-11-23T17:52:10.381+08:00  INFO 57444 --- [inspection-system] [nio-8080-exec-1] c.m.i.controller.VehicleController       : GET /api/vehicles/stats - Fetching vehicle stats
2025-11-23T17:52:10.383+08:00  INFO 57444 --- [inspection-system] [nio-8080-exec-1] c.m.i.service.impl.VehicleServiceImpl    : Fetching vehicle statistics
2025-11-23T17:52:18.239+08:00  INFO 57444 --- [inspection-system] [nio-8080-exec-6] c.m.i.controller.VehicleController       : GET /api/vehicles - Fetching all vehicles
2025-11-23T17:52:18.239+08:00  INFO 57444 --- [inspection-system] [nio-8080-exec-6] c.m.i.service.impl.VehicleServiceImpl    : Fetching all vehicles
2025-11-23T17:52:44.854+08:00  INFO 57444 --- [inspection-system] [nio-8080-exec-5] c.m.i.c.VehicleChangeLogController       : GET /api/activities - Fetching recent activities
2025-11-23T17:54:12.723+08:00  INFO 57444 --- [inspection-system] [   File Watcher] rtingClassPathChangeChangedEventListener : Restarting due to 96 class path changes (0 additions, 96 deletions, 0 modifications)
2025-11-23T17:54:12.727+08:00  INFO 57444 --- [inspection-system] [       Thread-5] o.s.b.w.e.tomcat.GracefulShutdown        : Commencing graceful shutdown. Waiting for active requests to complete
2025-11-23T17:54:12.779+08:00  INFO 57444 --- [inspection-system] [tomcat-shutdown] o.s.b.w.e.tomcat.GracefulShutdown        : Graceful shutdown complete
2025-11-23T17:54:12.785+08:00  INFO 57444 --- [inspection-system] [       Thread-5] j.LocalContainerEntityManagerFactoryBean : Closing JPA EntityManagerFactory for persistence unit 'default'
2025-11-23T17:54:12.801+08:00  WARN 57444 --- [inspection-system] [       Thread-5] o.s.b.f.support.DisposableBeanAdapter    : Invocation of destroy method failed on bean with name 'inMemoryDatabaseShutdownExecutor': org.h2.jdbc.JdbcSQLNonTransientConnectionException: Database is already closed (to disable automatic closing at VM shutdown, add ";DB_CLOSE_ON_EXIT=FALSE" to the db URL) [90121-232]
2025-11-23T17:54:12.802+08:00  INFO 57444 --- [inspection-system] [       Thread-5] com.zaxxer.hikari.HikariDataSource       : HikariPool-1 - Shutdown initiated...
2025-11-23T17:54:12.803+08:00  INFO 57444 --- [inspection-system] [       Thread-5] com.zaxxer.hikari.HikariDataSource       : HikariPool-1 - Shutdown completed.
Standard Commons Logging discovery in action with spring-jcl: please remove commons-logging.jar from classpath in order to avoid potential conflicts

  .   ____          _            __ _ _
 /\\ / ___'_ __ _ _(_)_ __  __ _ \ \ \ \
( ( )\___ | '_ | '_| | '_ \/ _` | \ \ \ \
 \\/  ___)| |_)| | | | | || (_| |  ) ) ) )
  '  |____| .__|_| |_|_| |_\__, | / / / /
 =========|_|==============|___/=/_/_/_/

 :: Spring Boot ::                (v3.5.7)

2025-11-23T17:54:12.918+08:00  INFO 57444 --- [inspection-system] [  restartedMain] c.m.i.InspectionSystemApplication        : Starting InspectionSystemApplication using Java 19.0.2 with PID 57444 (started by User in D:\Code\Java-Project\muvs-inspection-system)
2025-11-23T17:54:12.918+08:00  INFO 57444 --- [inspection-system] [  restartedMain] c.m.i.InspectionSystemApplication        : No active profile set, falling back to 1 default profile: "default"
2025-11-23T17:54:13.219+08:00  INFO 57444 --- [inspection-system] [  restartedMain] .s.d.r.c.RepositoryConfigurationDelegate : Bootstrapping Spring Data JPA repositories in DEFAULT mode.
2025-11-23T17:54:13.220+08:00  INFO 57444 --- [inspection-system] [  restartedMain] .s.d.r.c.RepositoryConfigurationDelegate : Finished Spring Data repository scanning in 0 ms. Found 0 JPA repository interfaces.
2025-11-23T17:54:13.299+08:00  INFO 57444 --- [inspection-system] [  restartedMain] o.s.b.w.embedded.tomcat.TomcatWebServer  : Tomcat initialized with port 8080 (http)
2025-11-23T17:54:13.299+08:00  INFO 57444 --- [inspection-system] [  restartedMain] o.apache.catalina.core.StandardService   : Starting service [Tomcat]
2025-11-23T17:54:13.299+08:00  INFO 57444 --- [inspection-system] [  restartedMain] o.apache.catalina.core.StandardEngine    : Starting Servlet engine: [Apache Tomcat/10.1.48]
2025-11-23T17:54:13.328+08:00  INFO 57444 --- [inspection-system] [  restartedMain] o.a.c.c.C.[Tomcat].[localhost].[/]       : Initializing Spring embedded WebApplicationContext
2025-11-23T17:54:13.328+08:00  INFO 57444 --- [inspection-system] [  restartedMain] w.s.c.ServletWebServerApplicationContext : Root WebApplicationContext: initialization completed in 408 ms
Standard Commons Logging discovery in action with spring-jcl: please remove commons-logging.jar from classpath in order to avoid potential conflicts
2025-11-23T17:54:13.380+08:00  INFO 57444 --- [inspection-system] [  restartedMain] o.hibernate.jpa.internal.util.LogHelper  : HHH000204: Processing PersistenceUnitInfo [name: default]
2025-11-23T17:54:13.383+08:00  INFO 57444 --- [inspection-system] [  restartedMain] o.h.c.internal.RegionFactoryInitiator    : HHH000026: Second-level cache disabled
2025-11-23T17:54:13.389+08:00  INFO 57444 --- [inspection-system] [  restartedMain] o.s.o.j.p.SpringPersistenceUnitInfo      : No LoadTimeWeaver setup: ignoring JPA class transformer
2025-11-23T17:54:13.390+08:00  INFO 57444 --- [inspection-system] [  restartedMain] com.zaxxer.hikari.HikariDataSource       : HikariPool-2 - Starting...
2025-11-23T17:54:13.391+08:00  INFO 57444 --- [inspection-system] [  restartedMain] com.zaxxer.hikari.pool.HikariPool        : HikariPool-2 - Added connection conn10: url=jdbc:h2:mem:testdb user=SA
2025-11-23T17:54:13.392+08:00  INFO 57444 --- [inspection-system] [  restartedMain] com.zaxxer.hikari.HikariDataSource       : HikariPool-2 - Start completed.
2025-11-23T17:54:13.392+08:00  WARN 57444 --- [inspection-system] [  restartedMain] org.hibernate.orm.deprecation            : HHH90000025: H2Dialect does not need to be specified explicitly using 'hibernate.dialect' (remove the property setting and it will be selected by default)
2025-11-23T17:54:13.392+08:00  INFO 57444 --- [inspection-system] [  restartedMain] org.hibernate.orm.connections.pooling    : HHH10001005: Database info:
	Database JDBC URL [Connecting through datasource 'HikariDataSource (HikariPool-2)']
	Database driver: undefined/unknown
	Database version: 2.3.232
	Autocommit mode: undefined/unknown
	Isolation level: undefined/unknown
	Minimum pool size: undefined/unknown
	Maximum pool size: undefined/unknown
2025-11-23T17:54:13.405+08:00  INFO 57444 --- [inspection-system] [  restartedMain] o.h.e.t.j.p.i.JtaPlatformInitiator       : HHH000489: No JTA platform available (set 'hibernate.transaction.jta.platform' to enable JTA platform integration)
2025-11-23T17:54:13.406+08:00  INFO 57444 --- [inspection-system] [  restartedMain] j.LocalContainerEntityManagerFactoryBean : Initialized JPA EntityManagerFactory for persistence unit 'default'
2025-11-23T17:54:13.419+08:00  WARN 57444 --- [inspection-system] [  restartedMain] JpaBaseConfiguration$JpaWebConfiguration : spring.jpa.open-in-view is enabled by default. Therefore, database queries may be performed during view rendering. Explicitly configure spring.jpa.open-in-view to disable this warning
2025-11-23T17:54:13.434+08:00  INFO 57444 --- [inspection-system] [  restartedMain] o.s.v.b.OptionalValidatorFactoryBean     : Failed to set up a Bean Validation provider: jakarta.validation.NoProviderFoundException: Unable to create a Configuration, because no Jakarta Bean Validation provider could be found. Add a provider like Hibernate Validator (RI) to your classpath.
2025-11-23T17:54:13.533+08:00  WARN 57444 --- [inspection-system] [  restartedMain] .s.s.UserDetailsServiceAutoConfiguration : 

Using generated security password: 8f90d9de-0dad-4c99-ab85-23ed105f939b

This generated password is for development use only. Your security configuration must be updated before running your application in production.

2025-11-23T17:54:13.535+08:00  INFO 57444 --- [inspection-system] [  restartedMain] r$InitializeUserDetailsManagerConfigurer : Global AuthenticationManager configured with UserDetailsService bean with name inMemoryUserDetailsManager
2025-11-23T17:54:13.556+08:00  INFO 57444 --- [inspection-system] [  restartedMain] o.s.b.a.e.web.EndpointLinksResolver      : Exposing 1 endpoint beneath base path '/actuator'
2025-11-23T17:54:13.579+08:00  INFO 57444 --- [inspection-system] [  restartedMain] o.s.b.a.h2.H2ConsoleAutoConfiguration    : H2 console available at '/h2-console'. Database available at 'jdbc:h2:mem:testdb'
2025-11-23T17:54:13.592+08:00  INFO 57444 --- [inspection-system] [  restartedMain] o.s.b.d.a.OptionalLiveReloadServer       : LiveReload server is running on port 35729
2025-11-23T17:54:13.603+08:00  INFO 57444 --- [inspection-system] [  restartedMain] o.s.b.w.embedded.tomcat.TomcatWebServer  : Tomcat started on port 8080 (http) with context path '/'
2025-11-23T17:54:13.612+08:00  INFO 57444 --- [inspection-system] [  restartedMain] c.m.i.InspectionSystemApplication        : Started InspectionSystemApplication in 0.724 seconds (process running for 196.532)
2025-11-23T17:54:17.039+08:00  INFO 57444 --- [inspection-system] [   File Watcher] rtingClassPathChangeChangedEventListener : Restarting due to 1 class path change (1 addition, 0 deletions, 0 modifications)
2025-11-23T17:54:17.040+08:00  INFO 57444 --- [inspection-system] [       Thread-7] o.s.b.w.e.tomcat.GracefulShutdown        : Commencing graceful shutdown. Waiting for active requests to complete
2025-11-23T17:54:17.083+08:00  INFO 57444 --- [inspection-system] [tomcat-shutdown] o.s.b.w.e.tomcat.GracefulShutdown        : Graceful shutdown complete
2025-11-23T17:54:17.085+08:00  INFO 57444 --- [inspection-system] [       Thread-7] j.LocalContainerEntityManagerFactoryBean : Closing JPA EntityManagerFactory for persistence unit 'default'
2025-11-23T17:54:17.086+08:00  WARN 57444 --- [inspection-system] [       Thread-7] o.s.b.f.support.DisposableBeanAdapter    : Invocation of destroy method failed on bean with name 'inMemoryDatabaseShutdownExecutor': org.h2.jdbc.JdbcSQLNonTransientConnectionException: Database is already closed (to disable automatic closing at VM shutdown, add ";DB_CLOSE_ON_EXIT=FALSE" to the db URL) [90121-232]
2025-11-23T17:54:17.086+08:00  INFO 57444 --- [inspection-system] [       Thread-7] com.zaxxer.hikari.HikariDataSource       : HikariPool-2 - Shutdown initiated...
2025-11-23T17:54:17.087+08:00  INFO 57444 --- [inspection-system] [       Thread-7] com.zaxxer.hikari.HikariDataSource       : HikariPool-2 - Shutdown completed.
Standard Commons Logging discovery in action with spring-jcl: please remove commons-logging.jar from classpath in order to avoid potential conflicts

  .   ____          _            __ _ _
 /\\ / ___'_ __ _ _(_)_ __  __ _ \ \ \ \
( ( )\___ | '_ | '_| | '_ \/ _` | \ \ \ \
 \\/  ___)| |_)| | | | | || (_| |  ) ) ) )
  '  |____| .__|_| |_|_| |_\__, | / / / /
 =========|_|==============|___/=/_/_/_/

 :: Spring Boot ::                (v3.5.7)

2025-11-23T17:54:17.154+08:00  INFO 57444 --- [inspection-system] [  restartedMain] c.m.i.InspectionSystemApplication        : Starting InspectionSystemApplication using Java 19.0.2 with PID 57444 (D:\Code\Java-Project\muvs-inspection-system\target\classes started by User in D:\Code\Java-Project\muvs-inspection-system)
2025-11-23T17:54:17.154+08:00  INFO 57444 --- [inspection-system] [  restartedMain] c.m.i.InspectionSystemApplication        : No active profile set, falling back to 1 default profile: "default"
2025-11-23T17:54:17.342+08:00  INFO 57444 --- [inspection-system] [  restartedMain] .s.d.r.c.RepositoryConfigurationDelegate : Bootstrapping Spring Data JPA repositories in DEFAULT mode.
2025-11-23T17:54:17.343+08:00  INFO 57444 --- [inspection-system] [  restartedMain] .s.d.r.c.RepositoryConfigurationDelegate : Finished Spring Data repository scanning in 0 ms. Found 0 JPA repository interfaces.
2025-11-23T17:54:17.405+08:00  INFO 57444 --- [inspection-system] [  restartedMain] o.s.b.w.embedded.tomcat.TomcatWebServer  : Tomcat initialized with port 8080 (http)
2025-11-23T17:54:17.406+08:00  INFO 57444 --- [inspection-system] [  restartedMain] o.apache.catalina.core.StandardService   : Starting service [Tomcat]
2025-11-23T17:54:17.406+08:00  INFO 57444 --- [inspection-system] [  restartedMain] o.apache.catalina.core.StandardEngine    : Starting Servlet engine: [Apache Tomcat/10.1.48]
2025-11-23T17:54:17.434+08:00  INFO 57444 --- [inspection-system] [  restartedMain] o.a.c.c.C.[Tomcat].[localhost].[/]       : Initializing Spring embedded WebApplicationContext
2025-11-23T17:54:17.434+08:00  INFO 57444 --- [inspection-system] [  restartedMain] w.s.c.ServletWebServerApplicationContext : Root WebApplicationContext: initialization completed in 279 ms
Standard Commons Logging discovery in action with spring-jcl: please remove commons-logging.jar from classpath in order to avoid potential conflicts
2025-11-23T17:54:17.474+08:00  INFO 57444 --- [inspection-system] [  restartedMain] o.hibernate.jpa.internal.util.LogHelper  : HHH000204: Processing PersistenceUnitInfo [name: default]
2025-11-23T17:54:17.476+08:00  INFO 57444 --- [inspection-system] [  restartedMain] o.h.c.internal.RegionFactoryInitiator    : HHH000026: Second-level cache disabled
2025-11-23T17:54:17.482+08:00  INFO 57444 --- [inspection-system] [  restartedMain] o.s.o.j.p.SpringPersistenceUnitInfo      : No LoadTimeWeaver setup: ignoring JPA class transformer
2025-11-23T17:54:17.482+08:00  INFO 57444 --- [inspection-system] [  restartedMain] com.zaxxer.hikari.HikariDataSource       : HikariPool-3 - Starting...
2025-11-23T17:54:17.483+08:00  INFO 57444 --- [inspection-system] [  restartedMain] com.zaxxer.hikari.pool.HikariPool        : HikariPool-3 - Added connection conn20: url=jdbc:h2:mem:testdb user=SA
2025-11-23T17:54:17.483+08:00  INFO 57444 --- [inspection-system] [  restartedMain] com.zaxxer.hikari.HikariDataSource       : HikariPool-3 - Start completed.
2025-11-23T17:54:17.484+08:00  WARN 57444 --- [inspection-system] [  restartedMain] org.hibernate.orm.deprecation            : HHH90000025: H2Dialect does not need to be specified explicitly using 'hibernate.dialect' (remove the property setting and it will be selected by default)
2025-11-23T17:54:17.484+08:00  INFO 57444 --- [inspection-system] [  restartedMain] org.hibernate.orm.connections.pooling    : HHH10001005: Database info:
	Database JDBC URL [Connecting through datasource 'HikariDataSource (HikariPool-3)']
	Database driver: undefined/unknown
	Database version: 2.3.232
	Autocommit mode: undefined/unknown
	Isolation level: undefined/unknown
	Minimum pool size: undefined/unknown
	Maximum pool size: undefined/unknown
2025-11-23T17:54:17.494+08:00  INFO 57444 --- [inspection-system] [  restartedMain] o.h.e.t.j.p.i.JtaPlatformInitiator       : HHH000489: No JTA platform available (set 'hibernate.transaction.jta.platform' to enable JTA platform integration)
2025-11-23T17:54:17.495+08:00  INFO 57444 --- [inspection-system] [  restartedMain] j.LocalContainerEntityManagerFactoryBean : Initialized JPA EntityManagerFactory for persistence unit 'default'
2025-11-23T17:54:17.506+08:00  WARN 57444 --- [inspection-system] [  restartedMain] JpaBaseConfiguration$JpaWebConfiguration : spring.jpa.open-in-view is enabled by default. Therefore, database queries may be performed during view rendering. Explicitly configure spring.jpa.open-in-view to disable this warning
2025-11-23T17:54:17.517+08:00  INFO 57444 --- [inspection-system] [  restartedMain] o.s.v.b.OptionalValidatorFactoryBean     : Failed to set up a Bean Validation provider: jakarta.validation.NoProviderFoundException: Unable to create a Configuration, because no Jakarta Bean Validation provider could be found. Add a provider like Hibernate Validator (RI) to your classpath.
2025-11-23T17:54:17.594+08:00  WARN 57444 --- [inspection-system] [  restartedMain] .s.s.UserDetailsServiceAutoConfiguration : 

Using generated security password: 636df242-ef33-4b5e-b16e-4cf8933814f8

This generated password is for development use only. Your security configuration must be updated before running your application in production.

2025-11-23T17:54:17.594+08:00  INFO 57444 --- [inspection-system] [  restartedMain] r$InitializeUserDetailsManagerConfigurer : Global AuthenticationManager configured with UserDetailsService bean with name inMemoryUserDetailsManager
2025-11-23T17:54:17.605+08:00  INFO 57444 --- [inspection-system] [  restartedMain] o.s.b.a.e.web.EndpointLinksResolver      : Exposing 1 endpoint beneath base path '/actuator'
2025-11-23T17:54:17.627+08:00  INFO 57444 --- [inspection-system] [  restartedMain] o.s.b.a.h2.H2ConsoleAutoConfiguration    : H2 console available at '/h2-console'. Database available at 'jdbc:h2:mem:testdb'
2025-11-23T17:54:17.641+08:00  INFO 57444 --- [inspection-system] [  restartedMain] o.s.b.d.a.OptionalLiveReloadServer       : LiveReload server is running on port 35729
2025-11-23T17:54:17.652+08:00  INFO 57444 --- [inspection-system] [  restartedMain] o.s.b.w.embedded.tomcat.TomcatWebServer  : Tomcat started on port 8080 (http) with context path '/'
2025-11-23T17:54:17.661+08:00  INFO 57444 --- [inspection-system] [  restartedMain] c.m.i.InspectionSystemApplication        : Started InspectionSystemApplication in 0.525 seconds (process running for 200.582)
2025-11-23T17:54:17.665+08:00  INFO 57444 --- [inspection-system] [  restartedMain] .ConditionEvaluationDeltaLoggingListener : Condition evaluation delta:


==========================
CONDITION EVALUATION DELTA
==========================


Positive matches:
-----------------

   ManagementWebSecurityAutoConfiguration matched:
      - found 'session' scope (OnWebApplicationCondition)
      - AllNestedConditions 2 matched 0 did not; NestedCondition on DefaultWebSecurityCondition.Beans @ConditionalOnMissingBean (types: org.springframework.security.web.SecurityFilterChain; SearchStrategy: all) did not find any beans; NestedCondition on DefaultWebSecurityCondition.Classes @ConditionalOnClass found required classes 'org.springframework.security.web.SecurityFilterChain', 'org.springframework.security.config.annotation.web.builders.HttpSecurity' (DefaultWebSecurityCondition)

   SpringBootWebSecurityConfiguration.WebSecurityEnablerConfiguration matched:
      - @ConditionalOnClass found required class 'org.springframework.security.config.annotation.web.configuration.EnableWebSecurity' (OnClassCondition)
      - @ConditionalOnMissingBean (names: springSecurityFilterChain; SearchStrategy: all) did not find any beans (OnBeanCondition)

   UserDetailsServiceAutoConfiguration matched:
      - @ConditionalOnClass found required class 'org.springframework.security.authentication.AuthenticationManager' (OnClassCondition)
      - found 'session' scope (OnWebApplicationCondition)
      - AnyNestedCondition 1 matched 2 did not; NestedCondition on UserDetailsServiceAutoConfiguration.MissingAlternativeOrUserPropertiesConfigured.PasswordConfigured @ConditionalOnProperty (spring.security.user.password) did not find property 'spring.security.user.password'; NestedCondition on UserDetailsServiceAutoConfiguration.MissingAlternativeOrUserPropertiesConfigured.NameConfigured @ConditionalOnProperty (spring.security.user.name) did not find property 'spring.security.user.name'; NestedCondition on UserDetailsServiceAutoConfiguration.MissingAlternativeOrUserPropertiesConfigured.MissingAlternative @ConditionalOnMissingClass did not find unwanted classes 'org.springframework.security.oauth2.client.registration.ClientRegistrationRepository', 'org.springframework.security.oauth2.server.resource.introspection.OpaqueTokenIntrospector', 'org.springframework.security.saml2.provider.service.registration.RelyingPartyRegistrationRepository' (UserDetailsServiceAutoConfiguration.MissingAlternativeOrUserPropertiesConfigured)
      - @ConditionalOnBean (types: org.springframework.security.config.ObjectPostProcessor; SearchStrategy: all) found beans 'objectPostProcessor', 'webAuthorizationManagerPostProcessor', 'filterChainDecoratorPostProcessor', 'authenticationManagerPostProcessor'; @ConditionalOnMissingBean (types: org.springframework.security.authentication.AuthenticationManager,org.springframework.security.authentication.AuthenticationProvider,org.springframework.security.core.userdetails.UserDetailsService,org.springframework.security.authentication.AuthenticationManagerResolver,?; SearchStrategy: all) did not find any beans (OnBeanCondition)


Negative matches:
-----------------

    None


Exclusions:
-----------

    None


Unconditional classes:
----------------------

    None



2025-11-23T17:54:20.963+08:00  INFO 57444 --- [inspection-system] [   File Watcher] rtingClassPathChangeChangedEventListener : Restarting due to 95 class path changes (95 additions, 0 deletions, 0 modifications)
2025-11-23T17:54:20.965+08:00  INFO 57444 --- [inspection-system] [      Thread-12] o.s.b.w.e.tomcat.GracefulShutdown        : Commencing graceful shutdown. Waiting for active requests to complete
2025-11-23T17:54:21.007+08:00  INFO 57444 --- [inspection-system] [tomcat-shutdown] o.s.b.w.e.tomcat.GracefulShutdown        : Graceful shutdown complete
2025-11-23T17:54:21.009+08:00  INFO 57444 --- [inspection-system] [      Thread-12] j.LocalContainerEntityManagerFactoryBean : Closing JPA EntityManagerFactory for persistence unit 'default'
2025-11-23T17:54:21.010+08:00  WARN 57444 --- [inspection-system] [      Thread-12] o.s.b.f.support.DisposableBeanAdapter    : Invocation of destroy method failed on bean with name 'inMemoryDatabaseShutdownExecutor': org.h2.jdbc.JdbcSQLNonTransientConnectionException: Database is already closed (to disable automatic closing at VM shutdown, add ";DB_CLOSE_ON_EXIT=FALSE" to the db URL) [90121-232]
2025-11-23T17:54:21.010+08:00  INFO 57444 --- [inspection-system] [      Thread-12] com.zaxxer.hikari.HikariDataSource       : HikariPool-3 - Shutdown initiated...
2025-11-23T17:54:21.010+08:00  INFO 57444 --- [inspection-system] [      Thread-12] com.zaxxer.hikari.HikariDataSource       : HikariPool-3 - Shutdown completed.
Standard Commons Logging discovery in action with spring-jcl: please remove commons-logging.jar from classpath in order to avoid potential conflicts

  .   ____          _            __ _ _
 /\\ / ___'_ __ _ _(_)_ __  __ _ \ \ \ \
( ( )\___ | '_ | '_| | '_ \/ _` | \ \ \ \
 \\/  ___)| |_)| | | | | || (_| |  ) ) ) )
  '  |____| .__|_| |_|_| |_\__, | / / / /
 =========|_|==============|___/=/_/_/_/

 :: Spring Boot ::                (v3.5.7)

2025-11-23T17:54:21.067+08:00  INFO 57444 --- [inspection-system] [  restartedMain] c.m.i.InspectionSystemApplication        : Starting InspectionSystemApplication using Java 19.0.2 with PID 57444 (D:\Code\Java-Project\muvs-inspection-system\target\classes started by User in D:\Code\Java-Project\muvs-inspection-system)
2025-11-23T17:54:21.067+08:00  INFO 57444 --- [inspection-system] [  restartedMain] c.m.i.InspectionSystemApplication        : No active profile set, falling back to 1 default profile: "default"
2025-11-23T17:54:21.327+08:00  INFO 57444 --- [inspection-system] [  restartedMain] .s.d.r.c.RepositoryConfigurationDelegate : Bootstrapping Spring Data JPA repositories in DEFAULT mode.
2025-11-23T17:54:21.365+08:00  INFO 57444 --- [inspection-system] [  restartedMain] .s.d.r.c.RepositoryConfigurationDelegate : Finished Spring Data repository scanning in 37 ms. Found 8 JPA repository interfaces.
2025-11-23T17:54:21.450+08:00  INFO 57444 --- [inspection-system] [  restartedMain] o.s.b.w.embedded.tomcat.TomcatWebServer  : Tomcat initialized with port 8080 (http)
2025-11-23T17:54:21.450+08:00  INFO 57444 --- [inspection-system] [  restartedMain] o.apache.catalina.core.StandardService   : Starting service [Tomcat]
2025-11-23T17:54:21.451+08:00  INFO 57444 --- [inspection-system] [  restartedMain] o.apache.catalina.core.StandardEngine    : Starting Servlet engine: [Apache Tomcat/10.1.48]
2025-11-23T17:54:21.478+08:00  INFO 57444 --- [inspection-system] [  restartedMain] o.a.c.c.C.[Tomcat].[localhost].[/]       : Initializing Spring embedded WebApplicationContext
2025-11-23T17:54:21.478+08:00  INFO 57444 --- [inspection-system] [  restartedMain] w.s.c.ServletWebServerApplicationContext : Root WebApplicationContext: initialization completed in 410 ms
Standard Commons Logging discovery in action with spring-jcl: please remove commons-logging.jar from classpath in order to avoid potential conflicts
2025-11-23T17:54:21.531+08:00  INFO 57444 --- [inspection-system] [  restartedMain] o.hibernate.jpa.internal.util.LogHelper  : HHH000204: Processing PersistenceUnitInfo [name: default]
2025-11-23T17:54:21.533+08:00  INFO 57444 --- [inspection-system] [  restartedMain] o.h.c.internal.RegionFactoryInitiator    : HHH000026: Second-level cache disabled
2025-11-23T17:54:21.540+08:00  INFO 57444 --- [inspection-system] [  restartedMain] o.s.o.j.p.SpringPersistenceUnitInfo      : No LoadTimeWeaver setup: ignoring JPA class transformer
2025-11-23T17:54:21.540+08:00  INFO 57444 --- [inspection-system] [  restartedMain] com.zaxxer.hikari.HikariDataSource       : HikariPool-4 - Starting...
2025-11-23T17:54:21.542+08:00  INFO 57444 --- [inspection-system] [  restartedMain] com.zaxxer.hikari.pool.HikariPool        : HikariPool-4 - Added connection conn30: url=jdbc:h2:mem:testdb user=SA
2025-11-23T17:54:21.544+08:00  INFO 57444 --- [inspection-system] [  restartedMain] com.zaxxer.hikari.HikariDataSource       : HikariPool-4 - Start completed.
2025-11-23T17:54:21.545+08:00  WARN 57444 --- [inspection-system] [  restartedMain] org.hibernate.orm.deprecation            : HHH90000025: H2Dialect does not need to be specified explicitly using 'hibernate.dialect' (remove the property setting and it will be selected by default)
2025-11-23T17:54:21.545+08:00  INFO 57444 --- [inspection-system] [  restartedMain] org.hibernate.orm.connections.pooling    : HHH10001005: Database info:
	Database JDBC URL [Connecting through datasource 'HikariDataSource (HikariPool-4)']
	Database driver: undefined/unknown
	Database version: 2.3.232
	Autocommit mode: undefined/unknown
	Isolation level: undefined/unknown
	Minimum pool size: undefined/unknown
	Maximum pool size: undefined/unknown
2025-11-23T17:54:21.689+08:00  INFO 57444 --- [inspection-system] [  restartedMain] o.h.e.t.j.p.i.JtaPlatformInitiator       : HHH000489: No JTA platform available (set 'hibernate.transaction.jta.platform' to enable JTA platform integration)
2025-11-23T17:54:21.711+08:00  INFO 57444 --- [inspection-system] [  restartedMain] j.LocalContainerEntityManagerFactoryBean : Initialized JPA EntityManagerFactory for persistence unit 'default'
2025-11-23T17:54:21.888+08:00  WARN 57444 --- [inspection-system] [  restartedMain] JpaBaseConfiguration$JpaWebConfiguration : spring.jpa.open-in-view is enabled by default. Therefore, database queries may be performed during view rendering. Explicitly configure spring.jpa.open-in-view to disable this warning
2025-11-23T17:54:21.978+08:00  INFO 57444 --- [inspection-system] [  restartedMain] o.s.b.a.e.web.EndpointLinksResolver      : Exposing 1 endpoint beneath base path '/actuator'
2025-11-23T17:54:21.988+08:00  INFO 57444 --- [inspection-system] [  restartedMain] eAuthenticationProviderManagerConfigurer : Global AuthenticationManager configured with AuthenticationProvider bean with name authenticationProvider
2025-11-23T17:54:21.989+08:00  WARN 57444 --- [inspection-system] [  restartedMain] r$InitializeUserDetailsManagerConfigurer : Global AuthenticationManager configured with an AuthenticationProvider bean. UserDetailsService beans will not be used by Spring Security for automatically configuring username/password login. Consider removing the AuthenticationProvider bean. Alternatively, consider using the UserDetailsService in a manually instantiated DaoAuthenticationProvider. If the current configuration is intentional, to turn off this warning, increase the logging level of 'org.springframework.security.config.annotation.authentication.configuration.InitializeUserDetailsBeanManagerConfigurer' to ERROR
2025-11-23T17:54:22.012+08:00  INFO 57444 --- [inspection-system] [  restartedMain] o.s.v.b.OptionalValidatorFactoryBean     : Failed to set up a Bean Validation provider: jakarta.validation.NoProviderFoundException: Unable to create a Configuration, because no Jakarta Bean Validation provider could be found. Add a provider like Hibernate Validator (RI) to your classpath.
2025-11-23T17:54:22.041+08:00  INFO 57444 --- [inspection-system] [  restartedMain] o.s.b.a.h2.H2ConsoleAutoConfiguration    : H2 console available at '/h2-console'. Database available at 'jdbc:h2:mem:testdb'
2025-11-23T17:54:22.048+08:00  INFO 57444 --- [inspection-system] [  restartedMain] o.s.b.d.a.OptionalLiveReloadServer       : LiveReload server is running on port 35729
2025-11-23T17:54:22.062+08:00  INFO 57444 --- [inspection-system] [  restartedMain] o.s.b.w.embedded.tomcat.TomcatWebServer  : Tomcat started on port 8080 (http) with context path '/'
2025-11-23T17:54:22.070+08:00  INFO 57444 --- [inspection-system] [  restartedMain] c.m.i.InspectionSystemApplication        : Started InspectionSystemApplication in 1.017 seconds (process running for 204.991)
2025-11-23T17:54:22.071+08:00  INFO 57444 --- [inspection-system] [  restartedMain] c.m.inspection_system.config.DataLoader  : Starting data loading...
2025-11-23T17:54:22.223+08:00  INFO 57444 --- [inspection-system] [  restartedMain] c.m.inspection_system.config.DataLoader  : Created 2 users (admin/user)
2025-11-23T17:54:22.234+08:00  INFO 57444 --- [inspection-system] [  restartedMain] c.m.inspection_system.config.DataLoader  : Created 30 sample vehicles
2025-11-23T17:54:22.242+08:00  INFO 57444 --- [inspection-system] [  restartedMain] c.m.inspection_system.config.DataLoader  : Created 12 sample checklists
2025-11-23T17:54:22.247+08:00  INFO 57444 --- [inspection-system] [  restartedMain] c.m.inspection_system.config.DataLoader  : Created 12 activity log entries
2025-11-23T17:54:22.247+08:00  INFO 57444 --- [inspection-system] [  restartedMain] c.m.inspection_system.config.DataLoader  : Data loading completed successfully!
2025-11-23T17:54:22.248+08:00  INFO 57444 --- [inspection-system] [  restartedMain] .ConditionEvaluationDeltaLoggingListener : Condition evaluation delta:


==========================
CONDITION EVALUATION DELTA
==========================


Positive matches:
-----------------

    None


Negative matches:
-----------------

   ManagementWebSecurityAutoConfiguration:
      Did not match:
         - AllNestedConditions 1 matched 1 did not; NestedCondition on DefaultWebSecurityCondition.Beans @ConditionalOnMissingBean (types: org.springframework.security.web.SecurityFilterChain; SearchStrategy: all) found beans of type 'org.springframework.security.web.SecurityFilterChain' securityFilterChain; NestedCondition on DefaultWebSecurityCondition.Classes @ConditionalOnClass found required classes 'org.springframework.security.web.SecurityFilterChain', 'org.springframework.security.config.annotation.web.builders.HttpSecurity' (DefaultWebSecurityCondition)
      Matched:
         - found 'session' scope (OnWebApplicationCondition)

   SpringBootWebSecurityConfiguration.WebSecurityEnablerConfiguration:
      Did not match:
         - @ConditionalOnMissingBean (names: springSecurityFilterChain; SearchStrategy: all) found beans named springSecurityFilterChain (OnBeanCondition)
      Matched:
         - @ConditionalOnClass found required class 'org.springframework.security.config.annotation.web.configuration.EnableWebSecurity' (OnClassCondition)

   UserDetailsServiceAutoConfiguration:
      Did not match:
         - @ConditionalOnMissingBean (types: org.springframework.security.authentication.AuthenticationManager,org.springframework.security.authentication.AuthenticationProvider,org.springframework.security.core.userdetails.UserDetailsService,org.springframework.security.authentication.AuthenticationManagerResolver,?; SearchStrategy: all) found beans of type 'org.springframework.security.core.userdetails.UserDetailsService' userDetailsServiceImpl and found beans of type 'org.springframework.security.authentication.AuthenticationProvider' authenticationProvider (OnBeanCondition)
      Matched:
         - @ConditionalOnClass found required class 'org.springframework.security.authentication.AuthenticationManager' (OnClassCondition)
         - found 'session' scope (OnWebApplicationCondition)
         - AnyNestedCondition 1 matched 2 did not; NestedCondition on UserDetailsServiceAutoConfiguration.MissingAlternativeOrUserPropertiesConfigured.PasswordConfigured @ConditionalOnProperty (spring.security.user.password) did not find property 'spring.security.user.password'; NestedCondition on UserDetailsServiceAutoConfiguration.MissingAlternativeOrUserPropertiesConfigured.NameConfigured @ConditionalOnProperty (spring.security.user.name) did not find property 'spring.security.user.name'; NestedCondition on UserDetailsServiceAutoConfiguration.MissingAlternativeOrUserPropertiesConfigured.MissingAlternative @ConditionalOnMissingClass did not find unwanted classes 'org.springframework.security.oauth2.client.registration.ClientRegistrationRepository', 'org.springframework.security.oauth2.server.resource.introspection.OpaqueTokenIntrospector', 'org.springframework.security.saml2.provider.service.registration.RelyingPartyRegistrationRepository' (UserDetailsServiceAutoConfiguration.MissingAlternativeOrUserPropertiesConfigured)


Exclusions:
-----------

    None


Unconditional classes:
----------------------

    None



2025-11-23T17:54:38.928+08:00  INFO 57444 --- [inspection-system] [   File Watcher] rtingClassPathChangeChangedEventListener : Restarting due to 7 class path changes (0 additions, 7 deletions, 0 modifications)
2025-11-23T17:54:38.929+08:00  INFO 57444 --- [inspection-system] [      Thread-16] o.s.b.w.e.tomcat.GracefulShutdown        : Commencing graceful shutdown. Waiting for active requests to complete
2025-11-23T17:54:38.983+08:00  INFO 57444 --- [inspection-system] [tomcat-shutdown] o.s.b.w.e.tomcat.GracefulShutdown        : Graceful shutdown complete
2025-11-23T17:54:38.986+08:00  INFO 57444 --- [inspection-system] [      Thread-16] j.LocalContainerEntityManagerFactoryBean : Closing JPA EntityManagerFactory for persistence unit 'default'
2025-11-23T17:54:38.987+08:00  WARN 57444 --- [inspection-system] [      Thread-16] o.s.b.f.support.DisposableBeanAdapter    : Invocation of destroy method failed on bean with name 'inMemoryDatabaseShutdownExecutor': org.h2.jdbc.JdbcSQLNonTransientConnectionException: Database is already closed (to disable automatic closing at VM shutdown, add ";DB_CLOSE_ON_EXIT=FALSE" to the db URL) [90121-232]
2025-11-23T17:54:38.987+08:00  INFO 57444 --- [inspection-system] [      Thread-16] com.zaxxer.hikari.HikariDataSource       : HikariPool-4 - Shutdown initiated...
2025-11-23T17:54:38.988+08:00  INFO 57444 --- [inspection-system] [      Thread-16] com.zaxxer.hikari.HikariDataSource       : HikariPool-4 - Shutdown completed.
Standard Commons Logging discovery in action with spring-jcl: please remove commons-logging.jar from classpath in order to avoid potential conflicts

  .   ____          _            __ _ _
 /\\ / ___'_ __ _ _(_)_ __  __ _ \ \ \ \
( ( )\___ | '_ | '_| | '_ \/ _` | \ \ \ \
 \\/  ___)| |_)| | | | | || (_| |  ) ) ) )
  '  |____| .__|_| |_|_| |_\__, | / / / /
 =========|_|==============|___/=/_/_/_/

 :: Spring Boot ::                (v3.5.7)

2025-11-23T17:54:39.065+08:00  INFO 57444 --- [inspection-system] [  restartedMain] c.m.i.InspectionSystemApplication        : Starting InspectionSystemApplication using Java 19.0.2 with PID 57444 (D:\Code\Java-Project\muvs-inspection-system\target\classes started by User in D:\Code\Java-Project\muvs-inspection-system)
2025-11-23T17:54:39.065+08:00  INFO 57444 --- [inspection-system] [  restartedMain] c.m.i.InspectionSystemApplication        : No active profile set, falling back to 1 default profile: "default"
2025-11-23T17:54:39.331+08:00  INFO 57444 --- [inspection-system] [  restartedMain] .s.d.r.c.RepositoryConfigurationDelegate : Bootstrapping Spring Data JPA repositories in DEFAULT mode.
2025-11-23T17:54:39.364+08:00  INFO 57444 --- [inspection-system] [  restartedMain] .s.d.r.c.RepositoryConfigurationDelegate : Finished Spring Data repository scanning in 32 ms. Found 8 JPA repository interfaces.
2025-11-23T17:54:39.474+08:00  INFO 57444 --- [inspection-system] [  restartedMain] o.s.b.w.embedded.tomcat.TomcatWebServer  : Tomcat initialized with port 8080 (http)
2025-11-23T17:54:39.475+08:00  INFO 57444 --- [inspection-system] [  restartedMain] o.apache.catalina.core.StandardService   : Starting service [Tomcat]
2025-11-23T17:54:39.475+08:00  INFO 57444 --- [inspection-system] [  restartedMain] o.apache.catalina.core.StandardEngine    : Starting Servlet engine: [Apache Tomcat/10.1.48]
2025-11-23T17:54:39.508+08:00  INFO 57444 --- [inspection-system] [  restartedMain] o.a.c.c.C.[Tomcat].[localhost].[/]       : Initializing Spring embedded WebApplicationContext
2025-11-23T17:54:39.508+08:00  INFO 57444 --- [inspection-system] [  restartedMain] w.s.c.ServletWebServerApplicationContext : Root WebApplicationContext: initialization completed in 442 ms
Standard Commons Logging discovery in action with spring-jcl: please remove commons-logging.jar from classpath in order to avoid potential conflicts
2025-11-23T17:54:39.579+08:00  INFO 57444 --- [inspection-system] [  restartedMain] o.hibernate.jpa.internal.util.LogHelper  : HHH000204: Processing PersistenceUnitInfo [name: default]
2025-11-23T17:54:39.581+08:00  INFO 57444 --- [inspection-system] [  restartedMain] o.h.c.internal.RegionFactoryInitiator    : HHH000026: Second-level cache disabled
2025-11-23T17:54:39.588+08:00  INFO 57444 --- [inspection-system] [  restartedMain] o.s.o.j.p.SpringPersistenceUnitInfo      : No LoadTimeWeaver setup: ignoring JPA class transformer
2025-11-23T17:54:39.588+08:00  INFO 57444 --- [inspection-system] [  restartedMain] com.zaxxer.hikari.HikariDataSource       : HikariPool-5 - Starting...
2025-11-23T17:54:39.589+08:00  INFO 57444 --- [inspection-system] [  restartedMain] com.zaxxer.hikari.pool.HikariPool        : HikariPool-5 - Added connection conn40: url=jdbc:h2:mem:testdb user=SA
2025-11-23T17:54:39.590+08:00  INFO 57444 --- [inspection-system] [  restartedMain] com.zaxxer.hikari.HikariDataSource       : HikariPool-5 - Start completed.
2025-11-23T17:54:39.590+08:00  WARN 57444 --- [inspection-system] [  restartedMain] org.hibernate.orm.deprecation            : HHH90000025: H2Dialect does not need to be specified explicitly using 'hibernate.dialect' (remove the property setting and it will be selected by default)
2025-11-23T17:54:39.590+08:00  INFO 57444 --- [inspection-system] [  restartedMain] org.hibernate.orm.connections.pooling    : HHH10001005: Database info:
	Database JDBC URL [Connecting through datasource 'HikariDataSource (HikariPool-5)']
	Database driver: undefined/unknown
	Database version: 2.3.232
	Autocommit mode: undefined/unknown
	Isolation level: undefined/unknown
	Minimum pool size: undefined/unknown
	Maximum pool size: undefined/unknown
2025-11-23T17:54:39.721+08:00  INFO 57444 --- [inspection-system] [  restartedMain] o.h.e.t.j.p.i.JtaPlatformInitiator       : HHH000489: No JTA platform available (set 'hibernate.transaction.jta.platform' to enable JTA platform integration)
2025-11-23T17:54:39.735+08:00  INFO 57444 --- [inspection-system] [  restartedMain] j.LocalContainerEntityManagerFactoryBean : Initialized JPA EntityManagerFactory for persistence unit 'default'
2025-11-23T17:54:39.777+08:00  WARN 57444 --- [inspection-system] [  restartedMain] ConfigServletWebServerApplicationContext : Exception encountered during context initialization - cancelling refresh attempt: org.springframework.beans.factory.UnsatisfiedDependencyException: Error creating bean with name 'dataLoader' defined in file [D:\Code\Java-Project\muvs-inspection-system\target\classes\com\muvs\inspection_system\config\DataLoader.class]: Unsatisfied dependency expressed through constructor parameter 2: No qualifying bean of type 'org.springframework.security.crypto.password.PasswordEncoder' available: expected at least 1 bean which qualifies as autowire candidate. Dependency annotations: {}
2025-11-23T17:54:39.777+08:00  INFO 57444 --- [inspection-system] [  restartedMain] j.LocalContainerEntityManagerFactoryBean : Closing JPA EntityManagerFactory for persistence unit 'default'
2025-11-23T17:54:39.778+08:00  WARN 57444 --- [inspection-system] [  restartedMain] o.s.b.f.support.DisposableBeanAdapter    : Invocation of destroy method failed on bean with name 'inMemoryDatabaseShutdownExecutor': org.h2.jdbc.JdbcSQLNonTransientConnectionException: Database is already closed (to disable automatic closing at VM shutdown, add ";DB_CLOSE_ON_EXIT=FALSE" to the db URL) [90121-232]
2025-11-23T17:54:39.778+08:00  INFO 57444 --- [inspection-system] [  restartedMain] com.zaxxer.hikari.HikariDataSource       : HikariPool-5 - Shutdown initiated...
2025-11-23T17:54:39.786+08:00  INFO 57444 --- [inspection-system] [  restartedMain] com.zaxxer.hikari.HikariDataSource       : HikariPool-5 - Shutdown completed.
2025-11-23T17:54:39.787+08:00  INFO 57444 --- [inspection-system] [  restartedMain] o.apache.catalina.core.StandardService   : Stopping service [Tomcat]
2025-11-23T17:54:39.801+08:00  INFO 57444 --- [inspection-system] [  restartedMain] .s.b.a.l.ConditionEvaluationReportLogger : 

Error starting ApplicationContext. To display the condition evaluation report re-run your application with 'debug' enabled.
2025-11-23T17:54:39.852+08:00 ERROR 57444 --- [inspection-system] [  restartedMain] o.s.b.d.LoggingFailureAnalysisReporter   : 

***************************
APPLICATION FAILED TO START
***************************

Description:

Parameter 2 of constructor in com.muvs.inspection_system.config.DataLoader required a bean of type 'org.springframework.security.crypto.password.PasswordEncoder' that could not be found.


Action:

Consider defining a bean of type 'org.springframework.security.crypto.password.PasswordEncoder' in your configuration.

Standard Commons Logging discovery in action with spring-jcl: please remove commons-logging.jar from classpath in order to avoid potential conflicts

  .   ____          _            __ _ _
 /\\ / ___'_ __ _ _(_)_ __  __ _ \ \ \ \
( ( )\___ | '_ | '_| | '_ \/ _` | \ \ \ \
 \\/  ___)| |_)| | | | | || (_| |  ) ) ) )
  '  |____| .__|_| |_|_| |_\__, | / / / /
 =========|_|==============|___/=/_/_/_/

 :: Spring Boot ::                (v3.5.7)

2025-11-23T17:54:41.323+08:00  INFO 57444 --- [inspection-system] [  restartedMain] c.m.i.InspectionSystemApplication        : Starting InspectionSystemApplication using Java 19.0.2 with PID 57444 (D:\Code\Java-Project\muvs-inspection-system\target\classes started by User in D:\Code\Java-Project\muvs-inspection-system)
2025-11-23T17:54:41.323+08:00  INFO 57444 --- [inspection-system] [  restartedMain] c.m.i.InspectionSystemApplication        : No active profile set, falling back to 1 default profile: "default"
2025-11-23T17:54:41.569+08:00  INFO 57444 --- [inspection-system] [  restartedMain] .s.d.r.c.RepositoryConfigurationDelegate : Bootstrapping Spring Data JPA repositories in DEFAULT mode.
2025-11-23T17:54:41.603+08:00  INFO 57444 --- [inspection-system] [  restartedMain] .s.d.r.c.RepositoryConfigurationDelegate : Finished Spring Data repository scanning in 33 ms. Found 8 JPA repository interfaces.
2025-11-23T17:54:41.694+08:00  INFO 57444 --- [inspection-system] [  restartedMain] o.s.b.w.embedded.tomcat.TomcatWebServer  : Tomcat initialized with port 8080 (http)
2025-11-23T17:54:41.696+08:00  INFO 57444 --- [inspection-system] [  restartedMain] o.apache.catalina.core.StandardService   : Starting service [Tomcat]
2025-11-23T17:54:41.696+08:00  INFO 57444 --- [inspection-system] [  restartedMain] o.apache.catalina.core.StandardEngine    : Starting Servlet engine: [Apache Tomcat/10.1.48]
2025-11-23T17:54:41.724+08:00  INFO 57444 --- [inspection-system] [  restartedMain] o.a.c.c.C.[Tomcat-1].[localhost].[/]     : Initializing Spring embedded WebApplicationContext
2025-11-23T17:54:41.724+08:00  INFO 57444 --- [inspection-system] [  restartedMain] w.s.c.ServletWebServerApplicationContext : Root WebApplicationContext: initialization completed in 400 ms
Standard Commons Logging discovery in action with spring-jcl: please remove commons-logging.jar from classpath in order to avoid potential conflicts
2025-11-23T17:54:41.782+08:00  INFO 57444 --- [inspection-system] [  restartedMain] o.hibernate.jpa.internal.util.LogHelper  : HHH000204: Processing PersistenceUnitInfo [name: default]
2025-11-23T17:54:41.784+08:00  INFO 57444 --- [inspection-system] [  restartedMain] o.h.c.internal.RegionFactoryInitiator    : HHH000026: Second-level cache disabled
2025-11-23T17:54:41.791+08:00  INFO 57444 --- [inspection-system] [  restartedMain] o.s.o.j.p.SpringPersistenceUnitInfo      : No LoadTimeWeaver setup: ignoring JPA class transformer
2025-11-23T17:54:41.792+08:00  INFO 57444 --- [inspection-system] [  restartedMain] com.zaxxer.hikari.HikariDataSource       : HikariPool-6 - Starting...
2025-11-23T17:54:41.793+08:00  INFO 57444 --- [inspection-system] [  restartedMain] com.zaxxer.hikari.pool.HikariPool        : HikariPool-6 - Added connection conn44: url=jdbc:h2:mem:testdb user=SA
2025-11-23T17:54:41.793+08:00  INFO 57444 --- [inspection-system] [  restartedMain] com.zaxxer.hikari.HikariDataSource       : HikariPool-6 - Start completed.
2025-11-23T17:54:41.794+08:00  WARN 57444 --- [inspection-system] [  restartedMain] org.hibernate.orm.deprecation            : HHH90000025: H2Dialect does not need to be specified explicitly using 'hibernate.dialect' (remove the property setting and it will be selected by default)
2025-11-23T17:54:41.794+08:00  INFO 57444 --- [inspection-system] [  restartedMain] org.hibernate.orm.connections.pooling    : HHH10001005: Database info:
	Database JDBC URL [Connecting through datasource 'HikariDataSource (HikariPool-6)']
	Database driver: undefined/unknown
	Database version: 2.3.232
	Autocommit mode: undefined/unknown
	Isolation level: undefined/unknown
	Minimum pool size: undefined/unknown
	Maximum pool size: undefined/unknown
2025-11-23T17:54:41.925+08:00  INFO 57444 --- [inspection-system] [  restartedMain] o.h.e.t.j.p.i.JtaPlatformInitiator       : HHH000489: No JTA platform available (set 'hibernate.transaction.jta.platform' to enable JTA platform integration)
2025-11-23T17:54:41.941+08:00  INFO 57444 --- [inspection-system] [  restartedMain] j.LocalContainerEntityManagerFactoryBean : Initialized JPA EntityManagerFactory for persistence unit 'default'
2025-11-23T17:54:42.120+08:00  WARN 57444 --- [inspection-system] [  restartedMain] JpaBaseConfiguration$JpaWebConfiguration : spring.jpa.open-in-view is enabled by default. Therefore, database queries may be performed during view rendering. Explicitly configure spring.jpa.open-in-view to disable this warning
2025-11-23T17:54:42.205+08:00  INFO 57444 --- [inspection-system] [  restartedMain] o.s.b.a.e.web.EndpointLinksResolver      : Exposing 1 endpoint beneath base path '/actuator'
2025-11-23T17:54:42.219+08:00  INFO 57444 --- [inspection-system] [  restartedMain] eAuthenticationProviderManagerConfigurer : Global AuthenticationManager configured with AuthenticationProvider bean with name authenticationProvider
2025-11-23T17:54:42.219+08:00  WARN 57444 --- [inspection-system] [  restartedMain] r$InitializeUserDetailsManagerConfigurer : Global AuthenticationManager configured with an AuthenticationProvider bean. UserDetailsService beans will not be used by Spring Security for automatically configuring username/password login. Consider removing the AuthenticationProvider bean. Alternatively, consider using the UserDetailsService in a manually instantiated DaoAuthenticationProvider. If the current configuration is intentional, to turn off this warning, increase the logging level of 'org.springframework.security.config.annotation.authentication.configuration.InitializeUserDetailsBeanManagerConfigurer' to ERROR
2025-11-23T17:54:42.240+08:00  INFO 57444 --- [inspection-system] [  restartedMain] o.s.v.b.OptionalValidatorFactoryBean     : Failed to set up a Bean Validation provider: jakarta.validation.NoProviderFoundException: Unable to create a Configuration, because no Jakarta Bean Validation provider could be found. Add a provider like Hibernate Validator (RI) to your classpath.
2025-11-23T17:54:42.273+08:00  INFO 57444 --- [inspection-system] [  restartedMain] o.s.b.a.h2.H2ConsoleAutoConfiguration    : H2 console available at '/h2-console'. Database available at 'jdbc:h2:mem:testdb'
2025-11-23T17:54:42.286+08:00  INFO 57444 --- [inspection-system] [  restartedMain] o.s.b.d.a.OptionalLiveReloadServer       : LiveReload server is running on port 35729
2025-11-23T17:54:42.301+08:00  INFO 57444 --- [inspection-system] [  restartedMain] o.s.b.w.embedded.tomcat.TomcatWebServer  : Tomcat started on port 8080 (http) with context path '/'
2025-11-23T17:54:42.311+08:00  INFO 57444 --- [inspection-system] [  restartedMain] c.m.i.InspectionSystemApplication        : Started InspectionSystemApplication in 1.005 seconds (process running for 225.231)
2025-11-23T17:54:42.312+08:00  INFO 57444 --- [inspection-system] [  restartedMain] c.m.inspection_system.config.DataLoader  : Starting data loading...
2025-11-23T17:54:42.470+08:00  INFO 57444 --- [inspection-system] [  restartedMain] c.m.inspection_system.config.DataLoader  : Created 2 users (admin/user)
2025-11-23T17:54:42.481+08:00  INFO 57444 --- [inspection-system] [  restartedMain] c.m.inspection_system.config.DataLoader  : Created 30 sample vehicles
2025-11-23T17:54:42.486+08:00  INFO 57444 --- [inspection-system] [  restartedMain] c.m.inspection_system.config.DataLoader  : Created 12 sample checklists
2025-11-23T17:54:42.490+08:00  INFO 57444 --- [inspection-system] [  restartedMain] c.m.inspection_system.config.DataLoader  : Created 12 activity log entries
2025-11-23T17:54:42.490+08:00  INFO 57444 --- [inspection-system] [  restartedMain] c.m.inspection_system.config.DataLoader  : Data loading completed successfully!
2025-11-23T17:54:42.491+08:00  INFO 57444 --- [inspection-system] [  restartedMain] .ConditionEvaluationDeltaLoggingListener : Condition evaluation unchanged
[INFO] ------------------------------------------------------------------------
[INFO] BUILD FAILURE
[INFO] ------------------------------------------------------------------------
[INFO] Total time:  05:34 min
[INFO] Finished at: 2025-11-23T17:56:23+08:00
[INFO] ------------------------------------------------------------------------
[ERROR] Failed to execute goal org.springframework.boot:spring-boot-maven-plugin:3.5.7:run (default-cli) on project inspection-system: Process terminated with exit code: 1 -> [Help 1]
[ERROR] 
[ERROR] To see the full stack trace of the errors, re-run Maven with the -e switch.
[ERROR] Re-run Maven using the -X switch to enable full debug logging.
[ERROR] 
[ERROR] For more information about the errors and possible solutions, please read the following articles:
[ERROR] [Help 1] http://cwiki.apache.org/confluence/display/MAVEN/MojoExecutionException
